// Jest Snapshot v1, https://goo.gl/fbAQLP

exports[`Footer Component should render without crashing 1`] = `ShallowWrapper {}`;
