// Jest Snapshot v1, https://goo.gl/fbAQLP

exports[`ErrorMessage Component should render when there is an error message 1`] = `ShallowWrapper {}`;
