// Jest Snapshot v1, https://goo.gl/fbAQLP

exports[`Layout Component should render without crashing 1`] = `ShallowWrapper {}`;
