// Jest Snapshot v1, https://goo.gl/fbAQLP

exports[`Loader Component should render when showLoader is true 1`] = `ShallowWrapper {}`;
