// Jest Snapshot v1, https://goo.gl/fbAQLP

exports[`Result Component should render when there is an validity value 1`] = `ShallowWrapper {}`;
